F:/Touchgfx/HAM/CM4/Core/Src/main.c:135:1:__io_putchar	16	static
F:/Touchgfx/HAM/CM4/Core/Src/main.c:147:5:main	56	static
F:/Touchgfx/HAM/CM4/Core/Src/main.c:287:13:MX_I2C4_Init	8	static
F:/Touchgfx/HAM/CM4/Core/Src/main.c:335:13:MX_USART1_UART_Init	8	static
F:/Touchgfx/HAM/CM4/Core/Src/main.c:381:13:MX_MDMA_Init	16	static
F:/Touchgfx/HAM/CM4/Core/Src/main.c:395:13:MX_GPIO_Init	16	static
F:/Touchgfx/HAM/CM4/Core/Src/main.c:417:6:I2C_Scan	24	static
F:/Touchgfx/HAM/CM4/Core/Src/main.c:440:19:MPU6500_TestConnection	32	static
F:/Touchgfx/HAM/CM4/Core/Src/main.c:450:9:MPU6500_Init	32	static
F:/Touchgfx/HAM/CM4/Core/Src/main.c:532:9:MPU6500_ReadID	8	static
F:/Touchgfx/HAM/CM4/Core/Src/main.c:541:9:MPU6500_ReadReg	40	static
F:/Touchgfx/HAM/CM4/Core/Src/main.c:560:9:MPU6500_WriteReg	40	static
F:/Touchgfx/HAM/CM4/Core/Src/main.c:578:6:MPU6500_ReadAccel	48	static
F:/Touchgfx/HAM/CM4/Core/Src/main.c:612:6:Error_Handler	4	static,ignoring_inline_asm
