F:/Touchgfx/HAM/CM4/X-CUBE-AI/App/app_x-cube-ai.c:101:13:ai_log_err	16	static
F:/Touchgfx/HAM/CM4/X-CUBE-AI/App/app_x-cube-ai.c:114:12:ai_boostrap	32	static
F:/Touchgfx/HAM/CM4/X-CUBE-AI/App/app_x-cube-ai.c:157:12:ai_run	16	static
F:/Touchgfx/HAM/CM4/X-CUBE-AI/App/app_x-cube-ai.c:171:5:acquire_and_process_data	16	static
F:/Touchgfx/HAM/CM4/X-CUBE-AI/App/app_x-cube-ai.c:179:5:post_process	24	static
F:/Touchgfx/HAM/CM4/X-CUBE-AI/App/app_x-cube-ai.c:201:6:MX_X_CUBE_AI_Init	8	static
F:/Touchgfx/HAM/CM4/X-CUBE-AI/App/app_x-cube-ai.c:210:6:MX_X_CUBE_AI_Process	16	static
